// Jest Snapshot v1, https://goo.gl/fbAQLP

exports[`matches snapshot 1`] = `
<DocumentFragment>
  <div
    class="App"
  >
    <h1>
      Lights Out Game!
    </h1>
    <table
      class="Board"
    >
      <tbody>
        <tr>
          <td
            class="Cell Cell-lit"
            role="button"
          />
          <td
            class="Cell Cell-lit"
            role="button"
          />
          <td
            class="Cell Cell-lit"
            role="button"
          />
          <td
            class="Cell Cell-lit"
            role="button"
          />
        </tr>
        <tr>
          <td
            class="Cell Cell-lit"
            role="button"
          />
          <td
            class="Cell Cell-lit"
            role="button"
          />
          <td
            class="Cell Cell-lit"
            role="button"
          />
          <td
            class="Cell Cell-lit"
            role="button"
          />
        </tr>
        <tr>
          <td
            class="Cell Cell-lit"
            role="button"
          />
          <td
            class="Cell Cell-lit"
            role="button"
          />
          <td
            class="Cell Cell-lit"
            role="button"
          />
          <td
            class="Cell Cell-lit"
            role="button"
          />
        </tr>
        <tr>
          <td
            class="Cell Cell-lit"
            role="button"
          />
          <td
            class="Cell Cell-lit"
            role="button"
          />
          <td
            class="Cell Cell-lit"
            role="button"
          />
          <td
            class="Cell Cell-lit"
            role="button"
          />
        </tr>
      </tbody>
    </table>
    <button
      class="Refresh-Btn"
    >
      Restart Game
    </button>
  </div>
</DocumentFragment>
`;
